Likki. Abhinay Reddy@LAPTOP-Q095STBU MINGW64 ~/ZDay-1/git-katas (master)
$ cd squashing

Likki. Abhinay Reddy@LAPTOP-Q095STBU MINGW64 ~/ZDay-1/git-katas/squashing (master)
$ source setup.sh
Initialized empty Git repository in C:/Users/Likki. Abhinay Reddy/ZDay-1/git-katas/squashing/exercise/.git/
[master (root-commit) 7628683] initial file
 1 file changed, 0 insertions(+), 0 deletions(-)
 create mode 100644 alsoafile.txt
warning: in the working copy of 'file.txt', LF will be replaced by CRLF the next time Git touches it
[master ef9892a] Add relevant fact
 1 file changed, 1 insertion(+)
 create mode 100644 file.txt
warning: in the working copy of 'file.txt', LF will be replaced by CRLF the next time Git touches it
[master 1b22b43] Add more relevancy
 1 file changed, 1 insertion(+)
warning: in the working copy of 'file.txt', LF will be replaced by CRLF the next time Git touches it
[master f29fd6e] most relevant!
 1 file changed, 1 insertion(+)
warning: in the working copy of 'file.txt', LF will be replaced by CRLF the next time Git touches it
[master db7abb3] add prime directive
 1 file changed, 1 insertion(+)
warning: in the working copy of 'file.txt', LF will be replaced by CRLF the next time Git touches it
[master 45d1c9a] add the word!
 1 file changed, 1 insertion(+)

Likki. Abhinay Reddy@LAPTOP-Q095STBU MINGW64 ~/ZDay-1/git-katas/squashing/exercise (master)
$ ls
alsoafile.txt  file.txt

Likki. Abhinay Reddy@LAPTOP-Q095STBU MINGW64 ~/ZDay-1/git-katas/squashing/exercise (master)
$ git log
commit 45d1c9a8f60f3cf4bbe4c46a6a4a845801b85b5c (HEAD -> master)
Author: Abhinay <abhinay1442@gmail.com>
Date:   Wed Nov 9 23:41:13 2022 +0530

    add the word!

commit db7abb3574d17f35b98c0ecd4bb08a080054a49b
Author: Abhinay <abhinay1442@gmail.com>
Date:   Wed Nov 9 23:41:13 2022 +0530

    add prime directive

commit f29fd6e34daa5f96fd1867075a6ad35939c8a2e6
Author: Abhinay <abhinay1442@gmail.com>
Date:   Wed Nov 9 23:41:12 2022 +0530

    most relevant!

commit 1b22b43548800500f9db1117a6e478bd1dc15c47
Author: Abhinay <abhinay1442@gmail.com>
Date:   Wed Nov 9 23:41:12 2022 +0530

    Add more relevancy

Likki. Abhinay Reddy@LAPTOP-Q095STBU MINGW64 ~/ZDay-1/git-katas/squashing/exercise (master)
$ git log --oneline
45d1c9a (HEAD -> master) add the word!
db7abb3 add prime directive
f29fd6e most relevant!
1b22b43 Add more relevancy
ef9892a Add relevant fact
7628683 initial file

Likki. Abhinay Reddy@LAPTOP-Q095STBU MINGW64 ~/ZDay-1/git-katas/squashing/exercise (master)
$ git rebase -i "add the world!"
fatal: invalid upstream 'add the world!'

Likki. Abhinay Reddy@LAPTOP-Q095STBU MINGW64 ~/ZDay-1/git-katas/squashing/exercise (master)
$ git rebase -i add the world!
usage: git rebase [-i] [options] [--exec <cmd>] [--onto <newbase> | --keep-base] [<upstream> [<branch>]]
   or: git rebase [-i] [options] [--exec <cmd>] [--onto <newbase>] --root [<branch>]
   or: git rebase --continue | --abort | --skip | --edit-todo

    --onto <revision>     rebase onto given branch instead of upstream
    --keep-base           use the merge-base of upstream and branch as the current base
    --no-verify           allow pre-rebase hook to run
    -q, --quiet           be quiet. implies --no-stat
    -v, --verbose         display a diffstat of what changed upstream
    -n, --no-stat         do not show diffstat of what changed upstream
    --signoff             add a Signed-off-by trailer to each commit
    --committer-date-is-author-date
                          make committer date match author date
    --reset-author-date   ignore author date and use current date
    -C <n>                passed to 'git apply'
    --ignore-whitespace   ignore changes in whitespace
    --whitespace <action>
                          passed to 'git apply'
    -f, --force-rebase    cherry-pick all commits, even if unchanged
    --no-ff               cherry-pick all commits, even if unchanged
    --continue            continue
    --skip                skip current patch and continue
    --abort               abort and check out the original branch
    --quit                abort but keep HEAD where it is
    --edit-todo           edit the todo list during an interactive rebase
    --show-current-patch  show the patch file being applied or merged
    --apply               use apply strategies to rebase
    -m, --merge           use merging strategies to rebase
    -i, --interactive     let the user edit the list of commits to rebase
    --rerere-autoupdate   update the index with reused conflict resolution if possible
    --empty <{drop,keep,ask}>
                          how to handle commits that become empty
    --autosquash          move commits that begin with squash!/fixup! under -i
    --update-refs         update branches that point to commits that are being rebased
    -S, --gpg-sign[=<key-id>]
                          GPG-sign commits
    --autostash           automatically stash/stash pop before and after
    -x, --exec <exec>     add exec lines after each commit of the editable list
    -r, --rebase-merges[=<mode>]
                          try to rebase merges instead of skipping them
    --fork-point          use 'merge-base --fork-point' to refine upstream
    -s, --strategy <strategy>
                          use the given merge strategy
    -X, --strategy-option <option>
                          pass the argument through to the merge strategy
    --root                rebase all reachable commits up to the root(s)
    --reschedule-failed-exec
                          automatically re-schedule any `exec` that fails
    --reapply-cherry-picks
                          apply all changes, even those already present upstream


Likki. Abhinay Reddy@LAPTOP-Q095STBU MINGW64 ~/ZDay-1/git-katas/squashing/exercise (master)
$ git rebase -i HEAD~5
[detached HEAD c29654c] Add relevant fact
 Date: Wed Nov 9 23:41:11 2022 +0530
 1 file changed, 5 insertions(+)
 create mode 100644 file.txt
Successfully rebased and updated refs/heads/master.

Likki. Abhinay Reddy@LAPTOP-Q095STBU MINGW64 ~/ZDay-1/git-katas/squashing/exercise (master)
$ git log
commit c29654cab85b92abe5bea767211ae1ec9099c0e7 (HEAD -> master)
Author: Abhinay <abhinay1442@gmail.com>
Date:   Wed Nov 9 23:41:11 2022 +0530

    Add relevant fact

commit 7628683812f293df96ea56f47d5ae1859c360bc5
Author: Abhinay <abhinay1442@gmail.com>
Date:   Wed Nov 9 23:41:11 2022 +0530

    initial file
